Archive Project report for hello_world
Wed Mar 16 00:22:01 2016
Quartus II 64-Bit Version 13.1.0 Build 162 10/23/2013 SJ Web Edition


---------------------
; Table of Contents ;
---------------------
  1. Legal Notice
  2. Archive Project Summary
  3. Archive Project Messages
  4. Files Archived



----------------
; Legal Notice ;
----------------
Copyright (C) 1991-2013 Altera Corporation
Your use of Altera Corporation's design tools, logic functions 
and other software and tools, and its AMPP partner logic 
functions, and any output files from any of the foregoing 
(including device programming or simulation files), and any 
associated documentation or information are expressly subject 
to the terms and conditions of the Altera Program License 
Subscription Agreement, Altera MegaCore Function License 
Agreement, or other applicable license agreement, including, 
without limitation, that your use is for the sole purpose of 
programming logic devices manufactured by Altera and sold by 
Altera or its authorized distributors.  Please refer to the 
applicable agreement for further details.



+----------------------------------------------------------------+
; Archive Project Summary                                        ;
+------------------------+---------------------------------------+
; Archive Project Status ; Successful - Wed Mar 16 00:22:01 2016 ;
; Revision Name          ; hello_world                           ;
; Top-level Entity Name  ; hello_world                           ;
; Family                 ; Cyclone III                           ;
+------------------------+---------------------------------------+


+--------------------------+
; Archive Project Messages ;
+--------------------------+
Info: File Set 'Compilation Results' contains:
    Info: Project source and settings files
    Info: Automatically detected source files
    Info: Report files
    Info: Programming output files
    Info: Compilation database files (only usable in Quartus II 64-Bit Version 13.1.0 Build 162 10/23/2013 SJ Web Edition)
    Info: Incremental compilation and Rapid Recompile database files
Info: ----------------------------------------------------------
Info: ----------------------------------------------------------
Info: Generated archive 'best.qar'
Info: ----------------------------------------------------------
Info: ----------------------------------------------------------
Info: Generated report 'hello_world.archive.rpt'


+------------------------------------------------------------------------------------------------+
; Files Archived                                                                                 ;
+------------------------------------------------------------------------------------------------+
; File Name                                                                                      ;
+------------------------------------------------------------------------------------------------+
; compute_hw.tcl                                                                                 ;
; D:/Program Files/altera/13.1/quartus/libraries/megafunctions/a_dpfifo.inc                      ;
; D:/Program Files/altera/13.1/quartus/libraries/megafunctions/a_f2fifo.inc                      ;
; D:/Program Files/altera/13.1/quartus/libraries/megafunctions/a_fffifo.inc                      ;
; D:/Program Files/altera/13.1/quartus/libraries/megafunctions/a_i2fifo.inc                      ;
; D:/Program Files/altera/13.1/quartus/libraries/megafunctions/a_rdenreg.inc                     ;
; D:/Program Files/altera/13.1/quartus/libraries/megafunctions/a_regfifo.inc                     ;
; D:/Program Files/altera/13.1/quartus/libraries/megafunctions/addcore.inc                       ;
; D:/Program Files/altera/13.1/quartus/libraries/megafunctions/aglobal131.inc                    ;
; D:/Program Files/altera/13.1/quartus/libraries/megafunctions/alt_jtag_atlantic.v               ;
; D:/Program Files/altera/13.1/quartus/libraries/megafunctions/alt_stratix_add_sub.inc           ;
; D:/Program Files/altera/13.1/quartus/libraries/megafunctions/altdpram.inc                      ;
; D:/Program Files/altera/13.1/quartus/libraries/megafunctions/altera_mult_add.tdf               ;
; D:/Program Files/altera/13.1/quartus/libraries/megafunctions/altera_mult_add_rtl.v             ;
; D:/Program Files/altera/13.1/quartus/libraries/megafunctions/altera_std_synchronizer.v         ;
; D:/Program Files/altera/13.1/quartus/libraries/megafunctions/altram.inc                        ;
; D:/Program Files/altera/13.1/quartus/libraries/megafunctions/altrom.inc                        ;
; D:/Program Files/altera/13.1/quartus/libraries/megafunctions/altshift.inc                      ;
; D:/Program Files/altera/13.1/quartus/libraries/megafunctions/altshift_taps.tdf                 ;
; D:/Program Files/altera/13.1/quartus/libraries/megafunctions/altsyncram.tdf                    ;
; D:/Program Files/altera/13.1/quartus/libraries/megafunctions/bypassff.inc                      ;
; D:/Program Files/altera/13.1/quartus/libraries/megafunctions/cbx.lst                           ;
; D:/Program Files/altera/13.1/quartus/libraries/megafunctions/comptree.inc                      ;
; D:/Program Files/altera/13.1/quartus/libraries/megafunctions/dffeea.inc                        ;
; D:/Program Files/altera/13.1/quartus/libraries/megafunctions/look_add.inc                      ;
; D:/Program Files/altera/13.1/quartus/libraries/megafunctions/lpm_add_sub.inc                   ;
; D:/Program Files/altera/13.1/quartus/libraries/megafunctions/lpm_add_sub.tdf                   ;
; D:/Program Files/altera/13.1/quartus/libraries/megafunctions/lpm_compare.inc                   ;
; D:/Program Files/altera/13.1/quartus/libraries/megafunctions/lpm_compare.tdf                   ;
; D:/Program Files/altera/13.1/quartus/libraries/megafunctions/lpm_constant.inc                  ;
; D:/Program Files/altera/13.1/quartus/libraries/megafunctions/lpm_counter.inc                   ;
; D:/Program Files/altera/13.1/quartus/libraries/megafunctions/lpm_decode.inc                    ;
; D:/Program Files/altera/13.1/quartus/libraries/megafunctions/lpm_mult.tdf                      ;
; D:/Program Files/altera/13.1/quartus/libraries/megafunctions/lpm_mux.inc                       ;
; D:/Program Files/altera/13.1/quartus/libraries/megafunctions/lpm_shiftreg.tdf                  ;
; D:/Program Files/altera/13.1/quartus/libraries/megafunctions/multcore.inc                      ;
; D:/Program Files/altera/13.1/quartus/libraries/megafunctions/pzdyqx.vhd                        ;
; D:/Program Files/altera/13.1/quartus/libraries/megafunctions/scfifo.tdf                        ;
; D:/Program Files/altera/13.1/quartus/libraries/megafunctions/sld_hub.vhd                       ;
; D:/Program Files/altera/13.1/quartus/libraries/megafunctions/sld_jtag_hub.vhd                  ;
; D:/Program Files/altera/13.1/quartus/libraries/megafunctions/sld_rom_sr.vhd                    ;
; D:/Program Files/altera/13.1/quartus/libraries/megafunctions/sld_virtual_jtag_basic.v          ;
; D:/Program Files/altera/13.1/quartus/libraries/megafunctions/stratix_ram_block.inc             ;
; D:/Program Files/altera/13.1/quartus/libraries/vhdl/ieee/prmtvs_b.vhd                          ;
; D:/Program Files/altera/13.1/quartus/libraries/vhdl/ieee/prmtvs_p.vhd                          ;
; D:/Program Files/altera/13.1/quartus/libraries/vhdl/ieee/timing_b.vhd                          ;
; D:/Program Files/altera/13.1/quartus/libraries/vhdl/ieee/timing_p.vhd                          ;
; db/a_dpfifo_3831.tdf                                                                           ;
; db/a_dpfifo_bk31.tdf                                                                           ;
; db/a_dpfifo_h031.tdf                                                                           ;
; db/a_fefifo_7cf.tdf                                                                            ;
; db/add_sub_8hk.tdf                                                                             ;
; db/add_sub_9bg.tdf                                                                             ;
; db/add_sub_30l.tdf                                                                             ;
; db/add_sub_70j.tdf                                                                             ;
; db/add_sub_94h.tdf                                                                             ;
; db/add_sub_bag.tdf                                                                             ;
; db/add_sub_cbg.tdf                                                                             ;
; db/add_sub_dcl.tdf                                                                             ;
; db/add_sub_h0j.tdf                                                                             ;
; db/add_sub_hqg.tdf                                                                             ;
; db/add_sub_hui.tdf                                                                             ;
; db/add_sub_i1j.tdf                                                                             ;
; db/add_sub_itk.tdf                                                                             ;
; db/add_sub_kvi.tdf                                                                             ;
; db/add_sub_lpg.tdf                                                                             ;
; db/add_sub_ngj.tdf                                                                             ;
; db/add_sub_njg.tdf                                                                             ;
; db/add_sub_p2e.tdf                                                                             ;
; db/add_sub_q2h.tdf                                                                             ;
; db/add_sub_t1j.tdf                                                                             ;
; db/add_sub_ubj.tdf                                                                             ;
; db/altera_mult_add_80u2.v                                                                      ;
; db/altera_mult_add_a0u2.v                                                                      ;
; db/altsyncram_3jd1.tdf                                                                         ;
; db/altsyncram_8td1.tdf                                                                         ;
; db/altsyncram_93h1.tdf                                                                         ;
; db/altsyncram_a3h1.tdf                                                                         ;
; db/altsyncram_g761.tdf                                                                         ;
; db/altsyncram_i0m1.tdf                                                                         ;
; db/altsyncram_qv71.tdf                                                                         ;
; db/altsyncram_sih1.tdf                                                                         ;
; db/altsyncram_sj31.tdf                                                                         ;
; db/altsyncram_u0e1.tdf                                                                         ;
; db/cmpr_9r8.tdf                                                                                ;
; db/cmpr_81i.tdf                                                                                ;
; db/cmpr_cr8.tdf                                                                                ;
; db/cmpr_ffc.tdf                                                                                ;
; db/cmpr_uph.tdf                                                                                ;
; db/cntr_4n7.tdf                                                                                ;
; db/cntr_6n7.tdf                                                                                ;
; db/cntr_197.tdf                                                                                ;
; db/cntr_g7h.tdf                                                                                ;
; db/cntr_k8b.tdf                                                                                ;
; db/cntr_l8b.tdf                                                                                ;
; db/cntr_omb.tdf                                                                                ;
; db/cntr_pmb.tdf                                                                                ;
; db/cntr_qmb.tdf                                                                                ;
; db/cntr_tnf.tdf                                                                                ;
; db/dpram_ek21.tdf                                                                              ;
; db/hello_world.(0).cnf.cdb                                                                     ;
; db/hello_world.(0).cnf.hdb                                                                     ;
; db/hello_world.(1).cnf.cdb                                                                     ;
; db/hello_world.(1).cnf.hdb                                                                     ;
; db/hello_world.(2).cnf.cdb                                                                     ;
; db/hello_world.(2).cnf.hdb                                                                     ;
; db/hello_world.(3).cnf.cdb                                                                     ;
; db/hello_world.(3).cnf.hdb                                                                     ;
; db/hello_world.(4).cnf.cdb                                                                     ;
; db/hello_world.(4).cnf.hdb                                                                     ;
; db/hello_world.(5).cnf.cdb                                                                     ;
; db/hello_world.(5).cnf.hdb                                                                     ;
; db/hello_world.(6).cnf.cdb                                                                     ;
; db/hello_world.(6).cnf.hdb                                                                     ;
; db/hello_world.(7).cnf.cdb                                                                     ;
; db/hello_world.(7).cnf.hdb                                                                     ;
; db/hello_world.(8).cnf.cdb                                                                     ;
; db/hello_world.(8).cnf.hdb                                                                     ;
; db/hello_world.(9).cnf.cdb                                                                     ;
; db/hello_world.(9).cnf.hdb                                                                     ;
; db/hello_world.(10).cnf.cdb                                                                    ;
; db/hello_world.(10).cnf.hdb                                                                    ;
; db/hello_world.(11).cnf.cdb                                                                    ;
; db/hello_world.(11).cnf.hdb                                                                    ;
; db/hello_world.(12).cnf.cdb                                                                    ;
; db/hello_world.(12).cnf.hdb                                                                    ;
; db/hello_world.(13).cnf.cdb                                                                    ;
; db/hello_world.(13).cnf.hdb                                                                    ;
; db/hello_world.(14).cnf.cdb                                                                    ;
; db/hello_world.(14).cnf.hdb                                                                    ;
; db/hello_world.(15).cnf.cdb                                                                    ;
; db/hello_world.(15).cnf.hdb                                                                    ;
; db/hello_world.(16).cnf.cdb                                                                    ;
; db/hello_world.(16).cnf.hdb                                                                    ;
; db/hello_world.(17).cnf.cdb                                                                    ;
; db/hello_world.(17).cnf.hdb                                                                    ;
; db/hello_world.(18).cnf.cdb                                                                    ;
; db/hello_world.(18).cnf.hdb                                                                    ;
; db/hello_world.(19).cnf.cdb                                                                    ;
; db/hello_world.(19).cnf.hdb                                                                    ;
; db/hello_world.(20).cnf.cdb                                                                    ;
; db/hello_world.(20).cnf.hdb                                                                    ;
; db/hello_world.(21).cnf.cdb                                                                    ;
; db/hello_world.(21).cnf.hdb                                                                    ;
; db/hello_world.(22).cnf.cdb                                                                    ;
; db/hello_world.(22).cnf.hdb                                                                    ;
; db/hello_world.(23).cnf.cdb                                                                    ;
; db/hello_world.(23).cnf.hdb                                                                    ;
; db/hello_world.(24).cnf.cdb                                                                    ;
; db/hello_world.(24).cnf.hdb                                                                    ;
; db/hello_world.(25).cnf.cdb                                                                    ;
; db/hello_world.(25).cnf.hdb                                                                    ;
; db/hello_world.(26).cnf.cdb                                                                    ;
; db/hello_world.(26).cnf.hdb                                                                    ;
; db/hello_world.(27).cnf.cdb                                                                    ;
; db/hello_world.(27).cnf.hdb                                                                    ;
; db/hello_world.(28).cnf.cdb                                                                    ;
; db/hello_world.(28).cnf.hdb                                                                    ;
; db/hello_world.(29).cnf.cdb                                                                    ;
; db/hello_world.(29).cnf.hdb                                                                    ;
; db/hello_world.(30).cnf.cdb                                                                    ;
; db/hello_world.(30).cnf.hdb                                                                    ;
; db/hello_world.(31).cnf.cdb                                                                    ;
; db/hello_world.(31).cnf.hdb                                                                    ;
; db/hello_world.(32).cnf.cdb                                                                    ;
; db/hello_world.(32).cnf.hdb                                                                    ;
; db/hello_world.(33).cnf.cdb                                                                    ;
; db/hello_world.(33).cnf.hdb                                                                    ;
; db/hello_world.(34).cnf.cdb                                                                    ;
; db/hello_world.(34).cnf.hdb                                                                    ;
; db/hello_world.(35).cnf.cdb                                                                    ;
; db/hello_world.(35).cnf.hdb                                                                    ;
; db/hello_world.(36).cnf.cdb                                                                    ;
; db/hello_world.(36).cnf.hdb                                                                    ;
; db/hello_world.(37).cnf.cdb                                                                    ;
; db/hello_world.(37).cnf.hdb                                                                    ;
; db/hello_world.(38).cnf.cdb                                                                    ;
; db/hello_world.(38).cnf.hdb                                                                    ;
; db/hello_world.(39).cnf.cdb                                                                    ;
; db/hello_world.(39).cnf.hdb                                                                    ;
; db/hello_world.(40).cnf.cdb                                                                    ;
; db/hello_world.(40).cnf.hdb                                                                    ;
; db/hello_world.(41).cnf.cdb                                                                    ;
; db/hello_world.(41).cnf.hdb                                                                    ;
; db/hello_world.(42).cnf.cdb                                                                    ;
; db/hello_world.(42).cnf.hdb                                                                    ;
; db/hello_world.(43).cnf.cdb                                                                    ;
; db/hello_world.(43).cnf.hdb                                                                    ;
; db/hello_world.(44).cnf.cdb                                                                    ;
; db/hello_world.(44).cnf.hdb                                                                    ;
; db/hello_world.(45).cnf.cdb                                                                    ;
; db/hello_world.(45).cnf.hdb                                                                    ;
; db/hello_world.(46).cnf.cdb                                                                    ;
; db/hello_world.(46).cnf.hdb                                                                    ;
; db/hello_world.(47).cnf.cdb                                                                    ;
; db/hello_world.(47).cnf.hdb                                                                    ;
; db/hello_world.(48).cnf.cdb                                                                    ;
; db/hello_world.(48).cnf.hdb                                                                    ;
; db/hello_world.(49).cnf.cdb                                                                    ;
; db/hello_world.(49).cnf.hdb                                                                    ;
; db/hello_world.(50).cnf.cdb                                                                    ;
; db/hello_world.(50).cnf.hdb                                                                    ;
; db/hello_world.(51).cnf.cdb                                                                    ;
; db/hello_world.(51).cnf.hdb                                                                    ;
; db/hello_world.(52).cnf.cdb                                                                    ;
; db/hello_world.(52).cnf.hdb                                                                    ;
; db/hello_world.(53).cnf.cdb                                                                    ;
; db/hello_world.(53).cnf.hdb                                                                    ;
; db/hello_world.(54).cnf.cdb                                                                    ;
; db/hello_world.(54).cnf.hdb                                                                    ;
; db/hello_world.(55).cnf.cdb                                                                    ;
; db/hello_world.(55).cnf.hdb                                                                    ;
; db/hello_world.(56).cnf.cdb                                                                    ;
; db/hello_world.(56).cnf.hdb                                                                    ;
; db/hello_world.(57).cnf.cdb                                                                    ;
; db/hello_world.(57).cnf.hdb                                                                    ;
; db/hello_world.(58).cnf.cdb                                                                    ;
; db/hello_world.(58).cnf.hdb                                                                    ;
; db/hello_world.(59).cnf.cdb                                                                    ;
; db/hello_world.(59).cnf.hdb                                                                    ;
; db/hello_world.(60).cnf.cdb                                                                    ;
; db/hello_world.(60).cnf.hdb                                                                    ;
; db/hello_world.(61).cnf.cdb                                                                    ;
; db/hello_world.(61).cnf.hdb                                                                    ;
; db/hello_world.(62).cnf.cdb                                                                    ;
; db/hello_world.(62).cnf.hdb                                                                    ;
; db/hello_world.(63).cnf.cdb                                                                    ;
; db/hello_world.(63).cnf.hdb                                                                    ;
; db/hello_world.(64).cnf.cdb                                                                    ;
; db/hello_world.(64).cnf.hdb                                                                    ;
; db/hello_world.(65).cnf.cdb                                                                    ;
; db/hello_world.(65).cnf.hdb                                                                    ;
; db/hello_world.(66).cnf.cdb                                                                    ;
; db/hello_world.(66).cnf.hdb                                                                    ;
; db/hello_world.(67).cnf.cdb                                                                    ;
; db/hello_world.(67).cnf.hdb                                                                    ;
; db/hello_world.(68).cnf.cdb                                                                    ;
; db/hello_world.(68).cnf.hdb                                                                    ;
; db/hello_world.(69).cnf.cdb                                                                    ;
; db/hello_world.(69).cnf.hdb                                                                    ;
; db/hello_world.(70).cnf.cdb                                                                    ;
; db/hello_world.(70).cnf.hdb                                                                    ;
; db/hello_world.(71).cnf.cdb                                                                    ;
; db/hello_world.(71).cnf.hdb                                                                    ;
; db/hello_world.(72).cnf.cdb                                                                    ;
; db/hello_world.(72).cnf.hdb                                                                    ;
; db/hello_world.(73).cnf.cdb                                                                    ;
; db/hello_world.(73).cnf.hdb                                                                    ;
; db/hello_world.(74).cnf.cdb                                                                    ;
; db/hello_world.(74).cnf.hdb                                                                    ;
; db/hello_world.(75).cnf.cdb                                                                    ;
; db/hello_world.(75).cnf.hdb                                                                    ;
; db/hello_world.(76).cnf.cdb                                                                    ;
; db/hello_world.(76).cnf.hdb                                                                    ;
; db/hello_world.(77).cnf.cdb                                                                    ;
; db/hello_world.(77).cnf.hdb                                                                    ;
; db/hello_world.(78).cnf.cdb                                                                    ;
; db/hello_world.(78).cnf.hdb                                                                    ;
; db/hello_world.(79).cnf.cdb                                                                    ;
; db/hello_world.(79).cnf.hdb                                                                    ;
; db/hello_world.(80).cnf.cdb                                                                    ;
; db/hello_world.(80).cnf.hdb                                                                    ;
; db/hello_world.(81).cnf.cdb                                                                    ;
; db/hello_world.(81).cnf.hdb                                                                    ;
; db/hello_world.(82).cnf.cdb                                                                    ;
; db/hello_world.(82).cnf.hdb                                                                    ;
; db/hello_world.(83).cnf.cdb                                                                    ;
; db/hello_world.(83).cnf.hdb                                                                    ;
; db/hello_world.(84).cnf.cdb                                                                    ;
; db/hello_world.(84).cnf.hdb                                                                    ;
; db/hello_world.(85).cnf.cdb                                                                    ;
; db/hello_world.(85).cnf.hdb                                                                    ;
; db/hello_world.(86).cnf.cdb                                                                    ;
; db/hello_world.(86).cnf.hdb                                                                    ;
; db/hello_world.(87).cnf.cdb                                                                    ;
; db/hello_world.(87).cnf.hdb                                                                    ;
; db/hello_world.(88).cnf.cdb                                                                    ;
; db/hello_world.(88).cnf.hdb                                                                    ;
; db/hello_world.(89).cnf.cdb                                                                    ;
; db/hello_world.(89).cnf.hdb                                                                    ;
; db/hello_world.(90).cnf.cdb                                                                    ;
; db/hello_world.(90).cnf.hdb                                                                    ;
; db/hello_world.(91).cnf.cdb                                                                    ;
; db/hello_world.(91).cnf.hdb                                                                    ;
; db/hello_world.(92).cnf.cdb                                                                    ;
; db/hello_world.(92).cnf.hdb                                                                    ;
; db/hello_world.(93).cnf.cdb                                                                    ;
; db/hello_world.(93).cnf.hdb                                                                    ;
; db/hello_world.(94).cnf.cdb                                                                    ;
; db/hello_world.(94).cnf.hdb                                                                    ;
; db/hello_world.(95).cnf.cdb                                                                    ;
; db/hello_world.(95).cnf.hdb                                                                    ;
; db/hello_world.(96).cnf.cdb                                                                    ;
; db/hello_world.(96).cnf.hdb                                                                    ;
; db/hello_world.(97).cnf.cdb                                                                    ;
; db/hello_world.(97).cnf.hdb                                                                    ;
; db/hello_world.(98).cnf.cdb                                                                    ;
; db/hello_world.(98).cnf.hdb                                                                    ;
; db/hello_world.(99).cnf.cdb                                                                    ;
; db/hello_world.(99).cnf.hdb                                                                    ;
; db/hello_world.(100).cnf.cdb                                                                   ;
; db/hello_world.(100).cnf.hdb                                                                   ;
; db/hello_world.(101).cnf.cdb                                                                   ;
; db/hello_world.(101).cnf.hdb                                                                   ;
; db/hello_world.(102).cnf.cdb                                                                   ;
; db/hello_world.(102).cnf.hdb                                                                   ;
; db/hello_world.(103).cnf.cdb                                                                   ;
; db/hello_world.(103).cnf.hdb                                                                   ;
; db/hello_world.(104).cnf.cdb                                                                   ;
; db/hello_world.(104).cnf.hdb                                                                   ;
; db/hello_world.(105).cnf.cdb                                                                   ;
; db/hello_world.(105).cnf.hdb                                                                   ;
; db/hello_world.(106).cnf.cdb                                                                   ;
; db/hello_world.(106).cnf.hdb                                                                   ;
; db/hello_world.(107).cnf.cdb                                                                   ;
; db/hello_world.(107).cnf.hdb                                                                   ;
; db/hello_world.(108).cnf.cdb                                                                   ;
; db/hello_world.(108).cnf.hdb                                                                   ;
; db/hello_world.(109).cnf.cdb                                                                   ;
; db/hello_world.(109).cnf.hdb                                                                   ;
; db/hello_world.(110).cnf.cdb                                                                   ;
; db/hello_world.(110).cnf.hdb                                                                   ;
; db/hello_world.(111).cnf.cdb                                                                   ;
; db/hello_world.(111).cnf.hdb                                                                   ;
; db/hello_world.(112).cnf.cdb                                                                   ;
; db/hello_world.(112).cnf.hdb                                                                   ;
; db/hello_world.(113).cnf.cdb                                                                   ;
; db/hello_world.(113).cnf.hdb                                                                   ;
; db/hello_world.(114).cnf.cdb                                                                   ;
; db/hello_world.(114).cnf.hdb                                                                   ;
; db/hello_world.(115).cnf.cdb                                                                   ;
; db/hello_world.(115).cnf.hdb                                                                   ;
; db/hello_world.(116).cnf.cdb                                                                   ;
; db/hello_world.(116).cnf.hdb                                                                   ;
; db/hello_world.(117).cnf.cdb                                                                   ;
; db/hello_world.(117).cnf.hdb                                                                   ;
; db/hello_world.(118).cnf.cdb                                                                   ;
; db/hello_world.(118).cnf.hdb                                                                   ;
; db/hello_world.(119).cnf.cdb                                                                   ;
; db/hello_world.(119).cnf.hdb                                                                   ;
; db/hello_world.(120).cnf.cdb                                                                   ;
; db/hello_world.(120).cnf.hdb                                                                   ;
; db/hello_world.(121).cnf.cdb                                                                   ;
; db/hello_world.(121).cnf.hdb                                                                   ;
; db/hello_world.(122).cnf.cdb                                                                   ;
; db/hello_world.(122).cnf.hdb                                                                   ;
; db/hello_world.(123).cnf.cdb                                                                   ;
; db/hello_world.(123).cnf.hdb                                                                   ;
; db/hello_world.(124).cnf.cdb                                                                   ;
; db/hello_world.(124).cnf.hdb                                                                   ;
; db/hello_world.(125).cnf.cdb                                                                   ;
; db/hello_world.(125).cnf.hdb                                                                   ;
; db/hello_world.(126).cnf.cdb                                                                   ;
; db/hello_world.(126).cnf.hdb                                                                   ;
; db/hello_world.(127).cnf.cdb                                                                   ;
; db/hello_world.(127).cnf.hdb                                                                   ;
; db/hello_world.(128).cnf.cdb                                                                   ;
; db/hello_world.(128).cnf.hdb                                                                   ;
; db/hello_world.(129).cnf.cdb                                                                   ;
; db/hello_world.(129).cnf.hdb                                                                   ;
; db/hello_world.(130).cnf.cdb                                                                   ;
; db/hello_world.(130).cnf.hdb                                                                   ;
; db/hello_world.(131).cnf.cdb                                                                   ;
; db/hello_world.(131).cnf.hdb                                                                   ;
; db/hello_world.(132).cnf.cdb                                                                   ;
; db/hello_world.(132).cnf.hdb                                                                   ;
; db/hello_world.(133).cnf.cdb                                                                   ;
; db/hello_world.(133).cnf.hdb                                                                   ;
; db/hello_world.(134).cnf.cdb                                                                   ;
; db/hello_world.(134).cnf.hdb                                                                   ;
; db/hello_world.(135).cnf.cdb                                                                   ;
; db/hello_world.(135).cnf.hdb                                                                   ;
; db/hello_world.(136).cnf.cdb                                                                   ;
; db/hello_world.(136).cnf.hdb                                                                   ;
; db/hello_world.(137).cnf.cdb                                                                   ;
; db/hello_world.(137).cnf.hdb                                                                   ;
; db/hello_world.(138).cnf.cdb                                                                   ;
; db/hello_world.(138).cnf.hdb                                                                   ;
; db/hello_world.(139).cnf.cdb                                                                   ;
; db/hello_world.(139).cnf.hdb                                                                   ;
; db/hello_world.(140).cnf.cdb                                                                   ;
; db/hello_world.(140).cnf.hdb                                                                   ;
; db/hello_world.(141).cnf.cdb                                                                   ;
; db/hello_world.(141).cnf.hdb                                                                   ;
; db/hello_world.(142).cnf.cdb                                                                   ;
; db/hello_world.(142).cnf.hdb                                                                   ;
; db/hello_world.(143).cnf.cdb                                                                   ;
; db/hello_world.(143).cnf.hdb                                                                   ;
; db/hello_world.(144).cnf.cdb                                                                   ;
; db/hello_world.(144).cnf.hdb                                                                   ;
; db/hello_world.(145).cnf.cdb                                                                   ;
; db/hello_world.(145).cnf.hdb                                                                   ;
; db/hello_world.(146).cnf.cdb                                                                   ;
; db/hello_world.(146).cnf.hdb                                                                   ;
; db/hello_world.(147).cnf.cdb                                                                   ;
; db/hello_world.(147).cnf.hdb                                                                   ;
; db/hello_world.(148).cnf.cdb                                                                   ;
; db/hello_world.(148).cnf.hdb                                                                   ;
; db/hello_world.(149).cnf.cdb                                                                   ;
; db/hello_world.(149).cnf.hdb                                                                   ;
; db/hello_world.(150).cnf.cdb                                                                   ;
; db/hello_world.(150).cnf.hdb                                                                   ;
; db/hello_world.(151).cnf.cdb                                                                   ;
; db/hello_world.(151).cnf.hdb                                                                   ;
; db/hello_world.(152).cnf.cdb                                                                   ;
; db/hello_world.(152).cnf.hdb                                                                   ;
; db/hello_world.(153).cnf.cdb                                                                   ;
; db/hello_world.(153).cnf.hdb                                                                   ;
; db/hello_world.(154).cnf.cdb                                                                   ;
; db/hello_world.(154).cnf.hdb                                                                   ;
; db/hello_world.(155).cnf.cdb                                                                   ;
; db/hello_world.(155).cnf.hdb                                                                   ;
; db/hello_world.(156).cnf.cdb                                                                   ;
; db/hello_world.(156).cnf.hdb                                                                   ;
; db/hello_world.(157).cnf.cdb                                                                   ;
; db/hello_world.(157).cnf.hdb                                                                   ;
; db/hello_world.(158).cnf.cdb                                                                   ;
; db/hello_world.(158).cnf.hdb                                                                   ;
; db/hello_world.(159).cnf.cdb                                                                   ;
; db/hello_world.(159).cnf.hdb                                                                   ;
; db/hello_world.(160).cnf.cdb                                                                   ;
; db/hello_world.(160).cnf.hdb                                                                   ;
; db/hello_world.(161).cnf.cdb                                                                   ;
; db/hello_world.(161).cnf.hdb                                                                   ;
; db/hello_world.(162).cnf.cdb                                                                   ;
; db/hello_world.(162).cnf.hdb                                                                   ;
; db/hello_world.(163).cnf.cdb                                                                   ;
; db/hello_world.(163).cnf.hdb                                                                   ;
; db/hello_world.(164).cnf.cdb                                                                   ;
; db/hello_world.(164).cnf.hdb                                                                   ;
; db/hello_world.(165).cnf.cdb                                                                   ;
; db/hello_world.(165).cnf.hdb                                                                   ;
; db/hello_world.(166).cnf.cdb                                                                   ;
; db/hello_world.(166).cnf.hdb                                                                   ;
; db/hello_world.(167).cnf.cdb                                                                   ;
; db/hello_world.(167).cnf.hdb                                                                   ;
; db/hello_world.(168).cnf.cdb                                                                   ;
; db/hello_world.(168).cnf.hdb                                                                   ;
; db/hello_world.(169).cnf.cdb                                                                   ;
; db/hello_world.(169).cnf.hdb                                                                   ;
; db/hello_world.(170).cnf.cdb                                                                   ;
; db/hello_world.(170).cnf.hdb                                                                   ;
; db/hello_world.(171).cnf.cdb                                                                   ;
; db/hello_world.(171).cnf.hdb                                                                   ;
; db/hello_world.(172).cnf.cdb                                                                   ;
; db/hello_world.(172).cnf.hdb                                                                   ;
; db/hello_world.(173).cnf.cdb                                                                   ;
; db/hello_world.(173).cnf.hdb                                                                   ;
; db/hello_world.(174).cnf.cdb                                                                   ;
; db/hello_world.(174).cnf.hdb                                                                   ;
; db/hello_world.(175).cnf.cdb                                                                   ;
; db/hello_world.(175).cnf.hdb                                                                   ;
; db/hello_world.(176).cnf.cdb                                                                   ;
; db/hello_world.(176).cnf.hdb                                                                   ;
; db/hello_world.(177).cnf.cdb                                                                   ;
; db/hello_world.(177).cnf.hdb                                                                   ;
; db/hello_world.(178).cnf.cdb                                                                   ;
; db/hello_world.(178).cnf.hdb                                                                   ;
; db/hello_world.(179).cnf.cdb                                                                   ;
; db/hello_world.(179).cnf.hdb                                                                   ;
; db/hello_world.(180).cnf.cdb                                                                   ;
; db/hello_world.(180).cnf.hdb                                                                   ;
; db/hello_world.(181).cnf.cdb                                                                   ;
; db/hello_world.(181).cnf.hdb                                                                   ;
; db/hello_world.(182).cnf.cdb                                                                   ;
; db/hello_world.(182).cnf.hdb                                                                   ;
; db/hello_world.(183).cnf.cdb                                                                   ;
; db/hello_world.(183).cnf.hdb                                                                   ;
; db/hello_world.(184).cnf.cdb                                                                   ;
; db/hello_world.(184).cnf.hdb                                                                   ;
; db/hello_world.(185).cnf.cdb                                                                   ;
; db/hello_world.(185).cnf.hdb                                                                   ;
; db/hello_world.(186).cnf.cdb                                                                   ;
; db/hello_world.(186).cnf.hdb                                                                   ;
; db/hello_world.(187).cnf.cdb                                                                   ;
; db/hello_world.(187).cnf.hdb                                                                   ;
; db/hello_world.(188).cnf.cdb                                                                   ;
; db/hello_world.(188).cnf.hdb                                                                   ;
; db/hello_world.(189).cnf.cdb                                                                   ;
; db/hello_world.(189).cnf.hdb                                                                   ;
; db/hello_world.(190).cnf.cdb                                                                   ;
; db/hello_world.(190).cnf.hdb                                                                   ;
; db/hello_world.(191).cnf.cdb                                                                   ;
; db/hello_world.(191).cnf.hdb                                                                   ;
; db/hello_world.(192).cnf.cdb                                                                   ;
; db/hello_world.(192).cnf.hdb                                                                   ;
; db/hello_world.(193).cnf.cdb                                                                   ;
; db/hello_world.(193).cnf.hdb                                                                   ;
; db/hello_world.(194).cnf.cdb                                                                   ;
; db/hello_world.(194).cnf.hdb                                                                   ;
; db/hello_world.(195).cnf.cdb                                                                   ;
; db/hello_world.(195).cnf.hdb                                                                   ;
; db/hello_world.(196).cnf.cdb                                                                   ;
; db/hello_world.(196).cnf.hdb                                                                   ;
; db/hello_world.(197).cnf.cdb                                                                   ;
; db/hello_world.(197).cnf.hdb                                                                   ;
; db/hello_world.(198).cnf.cdb                                                                   ;
; db/hello_world.(198).cnf.hdb                                                                   ;
; db/hello_world.(199).cnf.cdb                                                                   ;
; db/hello_world.(199).cnf.hdb                                                                   ;
; db/hello_world.(200).cnf.cdb                                                                   ;
; db/hello_world.(200).cnf.hdb                                                                   ;
; db/hello_world.(201).cnf.cdb                                                                   ;
; db/hello_world.(201).cnf.hdb                                                                   ;
; db/hello_world.(202).cnf.cdb                                                                   ;
; db/hello_world.(202).cnf.hdb                                                                   ;
; db/hello_world.(203).cnf.cdb                                                                   ;
; db/hello_world.(203).cnf.hdb                                                                   ;
; db/hello_world.(204).cnf.cdb                                                                   ;
; db/hello_world.(204).cnf.hdb                                                                   ;
; db/hello_world.(205).cnf.cdb                                                                   ;
; db/hello_world.(205).cnf.hdb                                                                   ;
; db/hello_world.(206).cnf.cdb                                                                   ;
; db/hello_world.(206).cnf.hdb                                                                   ;
; db/hello_world.(207).cnf.cdb                                                                   ;
; db/hello_world.(207).cnf.hdb                                                                   ;
; db/hello_world.(208).cnf.cdb                                                                   ;
; db/hello_world.(208).cnf.hdb                                                                   ;
; db/hello_world.(209).cnf.cdb                                                                   ;
; db/hello_world.(209).cnf.hdb                                                                   ;
; db/hello_world.(210).cnf.cdb                                                                   ;
; db/hello_world.(210).cnf.hdb                                                                   ;
; db/hello_world.(211).cnf.cdb                                                                   ;
; db/hello_world.(211).cnf.hdb                                                                   ;
; db/hello_world.(212).cnf.cdb                                                                   ;
; db/hello_world.(212).cnf.hdb                                                                   ;
; db/hello_world.(213).cnf.cdb                                                                   ;
; db/hello_world.(213).cnf.hdb                                                                   ;
; db/hello_world.(214).cnf.cdb                                                                   ;
; db/hello_world.(214).cnf.hdb                                                                   ;
; db/hello_world.(215).cnf.cdb                                                                   ;
; db/hello_world.(215).cnf.hdb                                                                   ;
; db/hello_world.(216).cnf.cdb                                                                   ;
; db/hello_world.(216).cnf.hdb                                                                   ;
; db/hello_world.(217).cnf.cdb                                                                   ;
; db/hello_world.(217).cnf.hdb                                                                   ;
; db/hello_world.(218).cnf.cdb                                                                   ;
; db/hello_world.(218).cnf.hdb                                                                   ;
; db/hello_world.(219).cnf.cdb                                                                   ;
; db/hello_world.(219).cnf.hdb                                                                   ;
; db/hello_world.(220).cnf.cdb                                                                   ;
; db/hello_world.(220).cnf.hdb                                                                   ;
; db/hello_world.(221).cnf.cdb                                                                   ;
; db/hello_world.(221).cnf.hdb                                                                   ;
; db/hello_world.(222).cnf.cdb                                                                   ;
; db/hello_world.(222).cnf.hdb                                                                   ;
; db/hello_world.(223).cnf.cdb                                                                   ;
; db/hello_world.(223).cnf.hdb                                                                   ;
; db/hello_world.(224).cnf.cdb                                                                   ;
; db/hello_world.(224).cnf.hdb                                                                   ;
; db/hello_world.(225).cnf.cdb                                                                   ;
; db/hello_world.(225).cnf.hdb                                                                   ;
; db/hello_world.(226).cnf.cdb                                                                   ;
; db/hello_world.(226).cnf.hdb                                                                   ;
; db/hello_world.(227).cnf.cdb                                                                   ;
; db/hello_world.(227).cnf.hdb                                                                   ;
; db/hello_world.(228).cnf.cdb                                                                   ;
; db/hello_world.(228).cnf.hdb                                                                   ;
; db/hello_world.(229).cnf.cdb                                                                   ;
; db/hello_world.(229).cnf.hdb                                                                   ;
; db/hello_world.(230).cnf.cdb                                                                   ;
; db/hello_world.(230).cnf.hdb                                                                   ;
; db/hello_world.(231).cnf.cdb                                                                   ;
; db/hello_world.(231).cnf.hdb                                                                   ;
; db/hello_world.(232).cnf.cdb                                                                   ;
; db/hello_world.(232).cnf.hdb                                                                   ;
; db/hello_world.(233).cnf.cdb                                                                   ;
; db/hello_world.(233).cnf.hdb                                                                   ;
; db/hello_world.(234).cnf.cdb                                                                   ;
; db/hello_world.(234).cnf.hdb                                                                   ;
; db/hello_world.(235).cnf.cdb                                                                   ;
; db/hello_world.(235).cnf.hdb                                                                   ;
; db/hello_world.(236).cnf.cdb                                                                   ;
; db/hello_world.(236).cnf.hdb                                                                   ;
; db/hello_world.(237).cnf.cdb                                                                   ;
; db/hello_world.(237).cnf.hdb                                                                   ;
; db/hello_world.(238).cnf.cdb                                                                   ;
; db/hello_world.(238).cnf.hdb                                                                   ;
; db/hello_world.(239).cnf.cdb                                                                   ;
; db/hello_world.(239).cnf.hdb                                                                   ;
; db/hello_world.(240).cnf.cdb                                                                   ;
; db/hello_world.(240).cnf.hdb                                                                   ;
; db/hello_world.(241).cnf.cdb                                                                   ;
; db/hello_world.(241).cnf.hdb                                                                   ;
; db/hello_world.(242).cnf.cdb                                                                   ;
; db/hello_world.(242).cnf.hdb                                                                   ;
; db/hello_world.(243).cnf.cdb                                                                   ;
; db/hello_world.(243).cnf.hdb                                                                   ;
; db/hello_world.(244).cnf.cdb                                                                   ;
; db/hello_world.(244).cnf.hdb                                                                   ;
; db/hello_world.(245).cnf.cdb                                                                   ;
; db/hello_world.(245).cnf.hdb                                                                   ;
; db/hello_world.(246).cnf.cdb                                                                   ;
; db/hello_world.(246).cnf.hdb                                                                   ;
; db/hello_world.(247).cnf.cdb                                                                   ;
; db/hello_world.(247).cnf.hdb                                                                   ;
; db/hello_world.(248).cnf.cdb                                                                   ;
; db/hello_world.(248).cnf.hdb                                                                   ;
; db/hello_world.(249).cnf.cdb                                                                   ;
; db/hello_world.(249).cnf.hdb                                                                   ;
; db/hello_world.(250).cnf.cdb                                                                   ;
; db/hello_world.(250).cnf.hdb                                                                   ;
; db/hello_world.(251).cnf.cdb                                                                   ;
; db/hello_world.(251).cnf.hdb                                                                   ;
; db/hello_world.(252).cnf.cdb                                                                   ;
; db/hello_world.(252).cnf.hdb                                                                   ;
; db/hello_world.(253).cnf.cdb                                                                   ;
; db/hello_world.(253).cnf.hdb                                                                   ;
; db/hello_world.(254).cnf.cdb                                                                   ;
; db/hello_world.(254).cnf.hdb                                                                   ;
; db/hello_world.(255).cnf.cdb                                                                   ;
; db/hello_world.(255).cnf.hdb                                                                   ;
; db/hello_world.(256).cnf.cdb                                                                   ;
; db/hello_world.(256).cnf.hdb                                                                   ;
; db/hello_world.(257).cnf.cdb                                                                   ;
; db/hello_world.(257).cnf.hdb                                                                   ;
; db/hello_world.(258).cnf.cdb                                                                   ;
; db/hello_world.(258).cnf.hdb                                                                   ;
; db/hello_world.(259).cnf.cdb                                                                   ;
; db/hello_world.(259).cnf.hdb                                                                   ;
; db/hello_world.(260).cnf.cdb                                                                   ;
; db/hello_world.(260).cnf.hdb                                                                   ;
; db/hello_world.(261).cnf.cdb                                                                   ;
; db/hello_world.(261).cnf.hdb                                                                   ;
; db/hello_world.(262).cnf.cdb                                                                   ;
; db/hello_world.(262).cnf.hdb                                                                   ;
; db/hello_world.(263).cnf.cdb                                                                   ;
; db/hello_world.(263).cnf.hdb                                                                   ;
; db/hello_world.(264).cnf.cdb                                                                   ;
; db/hello_world.(264).cnf.hdb                                                                   ;
; db/hello_world.(265).cnf.cdb                                                                   ;
; db/hello_world.(265).cnf.hdb                                                                   ;
; db/hello_world.(266).cnf.cdb                                                                   ;
; db/hello_world.(266).cnf.hdb                                                                   ;
; db/hello_world.(267).cnf.cdb                                                                   ;
; db/hello_world.(267).cnf.hdb                                                                   ;
; db/hello_world.(268).cnf.cdb                                                                   ;
; db/hello_world.(268).cnf.hdb                                                                   ;
; db/hello_world.(269).cnf.cdb                                                                   ;
; db/hello_world.(269).cnf.hdb                                                                   ;
; db/hello_world.(270).cnf.cdb                                                                   ;
; db/hello_world.(270).cnf.hdb                                                                   ;
; db/hello_world.(271).cnf.cdb                                                                   ;
; db/hello_world.(271).cnf.hdb                                                                   ;
; db/hello_world.(272).cnf.cdb                                                                   ;
; db/hello_world.(272).cnf.hdb                                                                   ;
; db/hello_world.(273).cnf.cdb                                                                   ;
; db/hello_world.(273).cnf.hdb                                                                   ;
; db/hello_world.(274).cnf.cdb                                                                   ;
; db/hello_world.(274).cnf.hdb                                                                   ;
; db/hello_world.(275).cnf.cdb                                                                   ;
; db/hello_world.(275).cnf.hdb                                                                   ;
; db/hello_world.(276).cnf.cdb                                                                   ;
; db/hello_world.(276).cnf.hdb                                                                   ;
; db/hello_world.(277).cnf.cdb                                                                   ;
; db/hello_world.(277).cnf.hdb                                                                   ;
; db/hello_world.(278).cnf.cdb                                                                   ;
; db/hello_world.(278).cnf.hdb                                                                   ;
; db/hello_world.(279).cnf.cdb                                                                   ;
; db/hello_world.(279).cnf.hdb                                                                   ;
; db/hello_world.(280).cnf.cdb                                                                   ;
; db/hello_world.(280).cnf.hdb                                                                   ;
; db/hello_world.(281).cnf.cdb                                                                   ;
; db/hello_world.(281).cnf.hdb                                                                   ;
; db/hello_world.(282).cnf.cdb                                                                   ;
; db/hello_world.(282).cnf.hdb                                                                   ;
; db/hello_world.(283).cnf.cdb                                                                   ;
; db/hello_world.(283).cnf.hdb                                                                   ;
; db/hello_world.(284).cnf.cdb                                                                   ;
; db/hello_world.(284).cnf.hdb                                                                   ;
; db/hello_world.(285).cnf.cdb                                                                   ;
; db/hello_world.(285).cnf.hdb                                                                   ;
; db/hello_world.(286).cnf.cdb                                                                   ;
; db/hello_world.(286).cnf.hdb                                                                   ;
; db/hello_world.(287).cnf.cdb                                                                   ;
; db/hello_world.(287).cnf.hdb                                                                   ;
; db/hello_world.(288).cnf.cdb                                                                   ;
; db/hello_world.(288).cnf.hdb                                                                   ;
; db/hello_world.(289).cnf.cdb                                                                   ;
; db/hello_world.(289).cnf.hdb                                                                   ;
; db/hello_world.(290).cnf.cdb                                                                   ;
; db/hello_world.(290).cnf.hdb                                                                   ;
; db/hello_world.(291).cnf.cdb                                                                   ;
; db/hello_world.(291).cnf.hdb                                                                   ;
; db/hello_world.(292).cnf.cdb                                                                   ;
; db/hello_world.(292).cnf.hdb                                                                   ;
; db/hello_world.(293).cnf.cdb                                                                   ;
; db/hello_world.(293).cnf.hdb                                                                   ;
; db/hello_world.(294).cnf.cdb                                                                   ;
; db/hello_world.(294).cnf.hdb                                                                   ;
; db/hello_world.(295).cnf.cdb                                                                   ;
; db/hello_world.(295).cnf.hdb                                                                   ;
; db/hello_world.(296).cnf.cdb                                                                   ;
; db/hello_world.(296).cnf.hdb                                                                   ;
; db/hello_world.(297).cnf.cdb                                                                   ;
; db/hello_world.(297).cnf.hdb                                                                   ;
; db/hello_world.(298).cnf.cdb                                                                   ;
; db/hello_world.(298).cnf.hdb                                                                   ;
; db/hello_world.(299).cnf.cdb                                                                   ;
; db/hello_world.(299).cnf.hdb                                                                   ;
; db/hello_world.(300).cnf.cdb                                                                   ;
; db/hello_world.(300).cnf.hdb                                                                   ;
; db/hello_world.(301).cnf.cdb                                                                   ;
; db/hello_world.(301).cnf.hdb                                                                   ;
; db/hello_world.(302).cnf.cdb                                                                   ;
; db/hello_world.(302).cnf.hdb                                                                   ;
; db/hello_world.(303).cnf.cdb                                                                   ;
; db/hello_world.(303).cnf.hdb                                                                   ;
; db/hello_world.(304).cnf.cdb                                                                   ;
; db/hello_world.(304).cnf.hdb                                                                   ;
; db/hello_world.(305).cnf.cdb                                                                   ;
; db/hello_world.(305).cnf.hdb                                                                   ;
; db/hello_world.(306).cnf.cdb                                                                   ;
; db/hello_world.(306).cnf.hdb                                                                   ;
; db/hello_world.(307).cnf.cdb                                                                   ;
; db/hello_world.(307).cnf.hdb                                                                   ;
; db/hello_world.(308).cnf.cdb                                                                   ;
; db/hello_world.(308).cnf.hdb                                                                   ;
; db/hello_world.(309).cnf.cdb                                                                   ;
; db/hello_world.(309).cnf.hdb                                                                   ;
; db/hello_world.(310).cnf.cdb                                                                   ;
; db/hello_world.(310).cnf.hdb                                                                   ;
; db/hello_world.(311).cnf.cdb                                                                   ;
; db/hello_world.(311).cnf.hdb                                                                   ;
; db/hello_world.(312).cnf.cdb                                                                   ;
; db/hello_world.(312).cnf.hdb                                                                   ;
; db/hello_world.(313).cnf.cdb                                                                   ;
; db/hello_world.(313).cnf.hdb                                                                   ;
; db/hello_world.(314).cnf.cdb                                                                   ;
; db/hello_world.(314).cnf.hdb                                                                   ;
; db/hello_world.(315).cnf.cdb                                                                   ;
; db/hello_world.(315).cnf.hdb                                                                   ;
; db/hello_world.(316).cnf.cdb                                                                   ;
; db/hello_world.(316).cnf.hdb                                                                   ;
; db/hello_world.(317).cnf.cdb                                                                   ;
; db/hello_world.(317).cnf.hdb                                                                   ;
; db/hello_world.(318).cnf.cdb                                                                   ;
; db/hello_world.(318).cnf.hdb                                                                   ;
; db/hello_world.(319).cnf.cdb                                                                   ;
; db/hello_world.(319).cnf.hdb                                                                   ;
; db/hello_world.(320).cnf.cdb                                                                   ;
; db/hello_world.(320).cnf.hdb                                                                   ;
; db/hello_world.(321).cnf.cdb                                                                   ;
; db/hello_world.(321).cnf.hdb                                                                   ;
; db/hello_world.(322).cnf.cdb                                                                   ;
; db/hello_world.(322).cnf.hdb                                                                   ;
; db/hello_world.(323).cnf.cdb                                                                   ;
; db/hello_world.(323).cnf.hdb                                                                   ;
; db/hello_world.(324).cnf.cdb                                                                   ;
; db/hello_world.(324).cnf.hdb                                                                   ;
; db/hello_world.(325).cnf.cdb                                                                   ;
; db/hello_world.(325).cnf.hdb                                                                   ;
; db/hello_world.(326).cnf.cdb                                                                   ;
; db/hello_world.(326).cnf.hdb                                                                   ;
; db/hello_world.(327).cnf.cdb                                                                   ;
; db/hello_world.(327).cnf.hdb                                                                   ;
; db/hello_world.archive.qmsg                                                                    ;
; db/hello_world.asm.qmsg                                                                        ;
; db/hello_world.asm.rdb                                                                         ;
; db/hello_world.asm_labs.ddb                                                                    ;
; db/hello_world.autoh_e40e1.map.reg_db.cdb                                                      ;
; db/hello_world.cbx.xml                                                                         ;
; db/hello_world.cmp.bpm                                                                         ;
; db/hello_world.cmp.cdb                                                                         ;
; db/hello_world.cmp.hdb                                                                         ;
; db/hello_world.cmp.idb                                                                         ;
; db/hello_world.cmp.logdb                                                                       ;
; db/hello_world.cmp.rdb                                                                         ;
; db/hello_world.cmp_merge.kpt                                                                   ;
; db/hello_world.cuda_io_sim_cache.31um_ff_1200mv_0c_fast.hsd                                    ;
; db/hello_world.cuda_io_sim_cache.31um_tt_1200mv_85c_slow.hsd                                   ;
; db/hello_world.db_info                                                                         ;
; db/hello_world.fit.qmsg                                                                        ;
; db/hello_world.hier_info                                                                       ;
; db/hello_world.hif                                                                             ;
; db/hello_world.ipinfo                                                                          ;
; db/hello_world.lpc.html                                                                        ;
; db/hello_world.lpc.rdb                                                                         ;
; db/hello_world.lpc.txt                                                                         ;
; db/hello_world.map.ammdb                                                                       ;
; db/hello_world.map.bpm                                                                         ;
; db/hello_world.map.cdb                                                                         ;
; db/hello_world.map.hdb                                                                         ;
; db/hello_world.map.kpt                                                                         ;
; db/hello_world.map.logdb                                                                       ;
; db/hello_world.map.qmsg                                                                        ;
; db/hello_world.map.rdb                                                                         ;
; db/hello_world.map_bb.cdb                                                                      ;
; db/hello_world.map_bb.hdb                                                                      ;
; db/hello_world.map_bb.logdb                                                                    ;
; db/hello_world.nabbo_fd801.map.reg_db.cdb                                                      ;
; db/hello_world.npp.qmsg                                                                        ;
; db/hello_world.pre_map.hdb                                                                     ;
; db/hello_world.pti_db_list.ddb                                                                 ;
; db/hello_world.root_partition.map.reg_db.cdb                                                   ;
; db/hello_world.routing.rdb                                                                     ;
; db/hello_world.rtlv.hdb                                                                        ;
; db/hello_world.rtlv_sg.cdb                                                                     ;
; db/hello_world.rtlv_sg_swap.cdb                                                                ;
; db/hello_world.sgate.nvd                                                                       ;
; db/hello_world.sgate_sm.nvd                                                                    ;
; db/hello_world.sgate_sm_bdd.nvd                                                                ;
; db/hello_world.sgdiff.cdb                                                                      ;
; db/hello_world.sgdiff.hdb                                                                      ;
; db/hello_world.sld_design_entry.sci                                                            ;
; db/hello_world.sld_design_entry_dsc.sci                                                        ;
; db/hello_world.smart_action.txt                                                                ;
; db/hello_world.smp_dump.txt                                                                    ;
; db/hello_world.sta.qmsg                                                                        ;
; db/hello_world.sta.rdb                                                                         ;
; db/hello_world.sta_cmp.6_slow_1200mv_85c.tdb                                                   ;
; db/hello_world.tis_db_list.ddb                                                                 ;
; db/hello_world.tiscmp.fast_1200mv_0c.ddb                                                       ;
; db/hello_world.tiscmp.slow_1200mv_0c.ddb                                                       ;
; db/hello_world.tiscmp.slow_1200mv_85c.ddb                                                      ;
; db/hello_world.tmw_info                                                                        ;
; db/hello_world.vpr.ammdb                                                                       ;
; db/mult_94t.tdf                                                                                ;
; db/mult_ao01.tdf                                                                               ;
; db/mult_av01.tdf                                                                               ;
; db/scfifo_4e31.tdf                                                                             ;
; db/scfifo_aq21.tdf                                                                             ;
; db/scfifo_gg31.tdf                                                                             ;
; db/shift_taps_e4n.tdf                                                                          ;
; db/shift_taps_hmm.tdf                                                                          ;
; fileOFaccum/accumulator.vhd                                                                    ;
; fileOFaccum/fifo_cordic.vhd                                                                    ;
; fileOFaccum/fpadd_en.vhd                                                                       ;
; fileOFaccum/fpadd_hw.tcl                                                                       ;
; fileOFaccum/fsm_adder.vhd                                                                      ;
; fileOFaccum/lsr2.cmp                                                                           ;
; fileOFaccum/lsr2.qip                                                                           ;
; fileOFaccum/lsr2.vhd                                                                           ;
; fileOFaccum/lsr7.vhd                                                                           ;
; fileOFaccum/lsr26.cmp                                                                          ;
; fileOFaccum/lsr26.qip                                                                          ;
; fileOFaccum/lsr26.vhd                                                                          ;
; fileOFaccum/lsr32.cmp                                                                          ;
; fileOFaccum/lsr32.qip                                                                          ;
; fileOFaccum/lsr32.vhd                                                                          ;
; fileOFaccum/lsr34.vhd                                                                          ;
; fileOFcombinedfunc/combined_func.vhd                                                           ;
; fileOFcombinedfunc/fileOFcosine/cos_8.vhd                                                      ;
; fileOFcombinedfunc/fileOFcosine/cos_rom.vhd                                                    ;
; fileOFcombinedfunc/fileOFcosine/cos_wrapper_8.vhd                                              ;
; fileOFcombinedfunc/fileOFcosine/fpadd.vhd                                                      ;
; fileOFcombinedfunc/fileOFcosine/fpmul.vhd                                                      ;
; fileOFcombinedfunc/fileOFcosine/fx2fp.vhd                                                      ;
; fileOFcombinedfunc/fileOFcosine/slv_shift.vhdl                                                 ;
; fileOFreadmaster/controller.vhd                                                                ;
; fileOFreadmaster/fifo.v                                                                        ;
; fileOFreadmaster/latency_aware_read_master.v                                                   ;
; fileOFreadmaster/memread.vhd                                                                   ;
; fileOFtop/counter.vhd                                                                          ;
; fpmul_hw.tcl                                                                                   ;
; fsm_finish.vhd                                                                                 ;
; hello_world.asm.rpt                                                                            ;
; hello_world.bdf                                                                                ;
; hello_world.dse.rpt                                                                            ;
; hello_world.eda.rpt                                                                            ;
; hello_world.fit.rpt                                                                            ;
; hello_world.fit.smsg                                                                           ;
; hello_world.fit.summary                                                                        ;
; hello_world.flow.rpt                                                                           ;
; hello_world.jdi                                                                                ;
; hello_world.map.rpt                                                                            ;
; hello_world.map.smsg                                                                           ;
; hello_world.map.summary                                                                        ;
; hello_world.pin                                                                                ;
; hello_world.pof                                                                                ;
; hello_world.qpf                                                                                ;
; hello_world.qsf                                                                                ;
; hello_world.sof                                                                                ;
; hello_world.sta.rpt                                                                            ;
; hello_world.sta.summary                                                                        ;
; hello_world_assignment_defaults.qdf                                                            ;
; hw_dev_tutorial.sdc                                                                            ;
; incremental_db/compiled_partitions/hello_world.db_info                                         ;
; incremental_db/compiled_partitions/hello_world.root_partition.cmp.cdb                          ;
; incremental_db/compiled_partitions/hello_world.root_partition.cmp.dfp                          ;
; incremental_db/compiled_partitions/hello_world.root_partition.cmp.hdb                          ;
; incremental_db/compiled_partitions/hello_world.root_partition.cmp.kpt                          ;
; incremental_db/compiled_partitions/hello_world.root_partition.cmp.logdb                        ;
; incremental_db/compiled_partitions/hello_world.root_partition.cmp.rcfdb                        ;
; incremental_db/compiled_partitions/hello_world.root_partition.map.cdb                          ;
; incremental_db/compiled_partitions/hello_world.root_partition.map.dpi                          ;
; incremental_db/compiled_partitions/hello_world.root_partition.map.hbdb.cdb                     ;
; incremental_db/compiled_partitions/hello_world.root_partition.map.hbdb.hb_info                 ;
; incremental_db/compiled_partitions/hello_world.root_partition.map.hbdb.hdb                     ;
; incremental_db/compiled_partitions/hello_world.root_partition.map.hbdb.sig                     ;
; incremental_db/compiled_partitions/hello_world.root_partition.map.hdb                          ;
; incremental_db/compiled_partitions/hello_world.root_partition.map.kpt                          ;
; mem_read_hw.tcl                                                                                ;
; new_component_hw.tcl                                                                           ;
; nios2_cordic.sopcinfo                                                                          ;
; nios2_cordic/synthesis/../../nios2_cordic.cmp                                                  ;
; nios2_cordic/synthesis/../../nios2_cordic.qsys                                                 ;
; nios2_cordic/synthesis/../../nios2_cordic.sopcinfo                                             ;
; nios2_cordic/synthesis/nios2_cordic.qip                                                        ;
; nios2_cordic/synthesis/nios2_cordic.v                                                          ;
; nios2_cordic/synthesis/submodules/accumulator.vhd                                              ;
; nios2_cordic/synthesis/submodules/altera_avalon_sc_fifo.v                                      ;
; nios2_cordic/synthesis/submodules/altera_avalon_st_pipeline_base.v                             ;
; nios2_cordic/synthesis/submodules/altera_customins_master_translator.v                         ;
; nios2_cordic/synthesis/submodules/altera_customins_slave_translator.sv                         ;
; nios2_cordic/synthesis/submodules/altera_merlin_address_alignment.sv                           ;
; nios2_cordic/synthesis/submodules/altera_merlin_arbitrator.sv                                  ;
; nios2_cordic/synthesis/submodules/altera_merlin_burst_adapter.sv                               ;
; nios2_cordic/synthesis/submodules/altera_merlin_burst_uncompressor.sv                          ;
; nios2_cordic/synthesis/submodules/altera_merlin_master_agent.sv                                ;
; nios2_cordic/synthesis/submodules/altera_merlin_master_translator.sv                           ;
; nios2_cordic/synthesis/submodules/altera_merlin_slave_agent.sv                                 ;
; nios2_cordic/synthesis/submodules/altera_merlin_slave_translator.sv                            ;
; nios2_cordic/synthesis/submodules/altera_merlin_traffic_limiter.sv                             ;
; nios2_cordic/synthesis/submodules/altera_merlin_width_adapter.sv                               ;
; nios2_cordic/synthesis/submodules/altera_reset_controller.sdc                                  ;
; nios2_cordic/synthesis/submodules/altera_reset_controller.v                                    ;
; nios2_cordic/synthesis/submodules/altera_reset_synchronizer.v                                  ;
; nios2_cordic/synthesis/submodules/combined_func.vhd                                            ;
; nios2_cordic/synthesis/submodules/controller.vhd                                               ;
; nios2_cordic/synthesis/submodules/cos_8.vhd                                                    ;
; nios2_cordic/synthesis/submodules/cos_rom.vhd                                                  ;
; nios2_cordic/synthesis/submodules/cos_wrapper_8.vhd                                            ;
; nios2_cordic/synthesis/submodules/counter.vhd                                                  ;
; nios2_cordic/synthesis/submodules/fifo.v                                                       ;
; nios2_cordic/synthesis/submodules/fifo_cordic.vhd                                              ;
; nios2_cordic/synthesis/submodules/fpadd.vhd                                                    ;
; nios2_cordic/synthesis/submodules/fpadd_en.vhd                                                 ;
; nios2_cordic/synthesis/submodules/fpmul.vhd                                                    ;
; nios2_cordic/synthesis/submodules/fsm_adder.vhd                                                ;
; nios2_cordic/synthesis/submodules/fsm_finish.vhd                                               ;
; nios2_cordic/synthesis/submodules/fx2fp.vhd                                                    ;
; nios2_cordic/synthesis/submodules/latency_aware_read_master.v                                  ;
; nios2_cordic/synthesis/submodules/lsr2.vhd                                                     ;
; nios2_cordic/synthesis/submodules/lsr7.vhd                                                     ;
; nios2_cordic/synthesis/submodules/lsr26.vhd                                                    ;
; nios2_cordic/synthesis/submodules/lsr32.vhd                                                    ;
; nios2_cordic/synthesis/submodules/lsr34.vhd                                                    ;
; nios2_cordic/synthesis/submodules/memread.vhd                                                  ;
; nios2_cordic/synthesis/submodules/nios2_cordic_addr_router.sv                                  ;
; nios2_cordic/synthesis/submodules/nios2_cordic_addr_router_001.sv                              ;
; nios2_cordic/synthesis/submodules/nios2_cordic_addr_router_002.sv                              ;
; nios2_cordic/synthesis/submodules/nios2_cordic_altpll.v                                        ;
; nios2_cordic/synthesis/submodules/nios2_cordic_cmd_xbar_demux.sv                               ;
; nios2_cordic/synthesis/submodules/nios2_cordic_cmd_xbar_demux_001.sv                           ;
; nios2_cordic/synthesis/submodules/nios2_cordic_cmd_xbar_demux_002.sv                           ;
; nios2_cordic/synthesis/submodules/nios2_cordic_cmd_xbar_mux.sv                                 ;
; nios2_cordic/synthesis/submodules/nios2_cordic_cmd_xbar_mux_001.sv                             ;
; nios2_cordic/synthesis/submodules/nios2_cordic_cpu.ocp                                         ;
; nios2_cordic/synthesis/submodules/nios2_cordic_cpu.sdc                                         ;
; nios2_cordic/synthesis/submodules/nios2_cordic_cpu.v                                           ;
; nios2_cordic/synthesis/submodules/nios2_cordic_cpu_custom_instruction_master_multi_xconnect.sv ;
; nios2_cordic/synthesis/submodules/nios2_cordic_cpu_ic_tag_ram.mif                              ;
; nios2_cordic/synthesis/submodules/nios2_cordic_cpu_jtag_debug_module_sysclk.v                  ;
; nios2_cordic/synthesis/submodules/nios2_cordic_cpu_jtag_debug_module_tck.v                     ;
; nios2_cordic/synthesis/submodules/nios2_cordic_cpu_jtag_debug_module_wrapper.v                 ;
; nios2_cordic/synthesis/submodules/nios2_cordic_cpu_mult_cell.v                                 ;
; nios2_cordic/synthesis/submodules/nios2_cordic_cpu_oci_test_bench.v                            ;
; nios2_cordic/synthesis/submodules/nios2_cordic_cpu_ociram_default_contents.mif                 ;
; nios2_cordic/synthesis/submodules/nios2_cordic_cpu_rf_ram_a.mif                                ;
; nios2_cordic/synthesis/submodules/nios2_cordic_cpu_rf_ram_b.mif                                ;
; nios2_cordic/synthesis/submodules/nios2_cordic_cpu_test_bench.v                                ;
; nios2_cordic/synthesis/submodules/nios2_cordic_id_router.sv                                    ;
; nios2_cordic/synthesis/submodules/nios2_cordic_id_router_001.sv                                ;
; nios2_cordic/synthesis/submodules/nios2_cordic_id_router_002.sv                                ;
; nios2_cordic/synthesis/submodules/nios2_cordic_irq_mapper.sv                                   ;
; nios2_cordic/synthesis/submodules/nios2_cordic_jtag_uart.v                                     ;
; nios2_cordic/synthesis/submodules/nios2_cordic_rsp_xbar_demux.sv                               ;
; nios2_cordic/synthesis/submodules/nios2_cordic_rsp_xbar_demux_001.sv                           ;
; nios2_cordic/synthesis/submodules/nios2_cordic_rsp_xbar_mux.sv                                 ;
; nios2_cordic/synthesis/submodules/nios2_cordic_rsp_xbar_mux_001.sv                             ;
; nios2_cordic/synthesis/submodules/nios2_cordic_sdram.v                                         ;
; nios2_cordic/synthesis/submodules/nios2_cordic_sysid_qsys.v                                    ;
; nios2_cordic/synthesis/submodules/nios2_cordic_timer.v                                         ;
; nios2_cordic/synthesis/submodules/pipeline.vhd                                                 ;
; nios2_cordic/synthesis/submodules/slv_shift.vhdl                                               ;
; sum_vector_hw.tcl                                                                              ;
+------------------------------------------------------------------------------------------------+


